---
http_interactions:
- request:
    method: put
    uri: http://backend:5352/source/home:package_test_user/_meta?user=package_test_user
    body:
      encoding: UTF-8
      string: |
        <project name="home:package_test_user">
          <title/>
          <description/>
          <person userid="package_test_user" role="maintainer"/>
        </project>
    headers:
      Accept-Encoding:
      - gzip;q=1.0,deflate;q=0.6,identity;q=0.3
      Accept:
      - "*/*"
      User-Agent:
      - Ruby
  response:
    status:
      code: 200
      message: OK
    headers:
      Content-Type:
      - text/xml
      Cache-Control:
      - no-cache
      Connection:
      - close
      Content-Length:
      - '157'
    body:
      encoding: UTF-8
      string: |
        <project name="home:package_test_user">
          <title></title>
          <description></description>
          <person userid="package_test_user" role="maintainer" />
        </project>
    http_version: 
  recorded_at: Sun, 19 May 2019 19:54:39 GMT
- request:
    method: put
    uri: http://backend:5352/source/home:package_test_user/test_package/_meta?user=package_test_user
    body:
      encoding: UTF-8
      string: |
        <package name="test_package" project="home:package_test_user">
          <title>By Grand Central Station I Sat Down and Wept</title>
          <description>Quos quo qui non.</description>
        </package>
    headers:
      Accept-Encoding:
      - gzip;q=1.0,deflate;q=0.6,identity;q=0.3
      Accept:
      - "*/*"
      User-Agent:
      - Ruby
  response:
    status:
      code: 200
      message: OK
    headers:
      Content-Type:
      - text/xml
      Cache-Control:
      - no-cache
      Connection:
      - close
      Content-Length:
      - '183'
    body:
      encoding: UTF-8
      string: |
        <package name="test_package" project="home:package_test_user">
          <title>By Grand Central Station I Sat Down and Wept</title>
          <description>Quos quo qui non.</description>
        </package>
    http_version: 
  recorded_at: Sun, 19 May 2019 19:54:41 GMT
- request:
    method: put
    uri: http://backend:5352/source/home:package_test_user/test_package/_meta?user=package_test_user
    body:
      encoding: UTF-8
      string: |
        <package name="test_package" project="home:package_test_user">
          <title>By Grand Central Station I Sat Down and Wept</title>
          <description>Quos quo qui non.</description>
        </package>
    headers:
      Accept-Encoding:
      - gzip;q=1.0,deflate;q=0.6,identity;q=0.3
      Accept:
      - "*/*"
      User-Agent:
      - Ruby
  response:
    status:
      code: 200
      message: OK
    headers:
      Content-Type:
      - text/xml
      Cache-Control:
      - no-cache
      Connection:
      - close
      Content-Length:
      - '183'
    body:
      encoding: UTF-8
      string: |
        <package name="test_package" project="home:package_test_user">
          <title>By Grand Central Station I Sat Down and Wept</title>
          <description>Quos quo qui non.</description>
        </package>
    http_version: 
  recorded_at: Sun, 19 May 2019 19:54:41 GMT
- request:
    method: put
    uri: http://backend:5352/source/home:package_test_user/test_package/_config
    body:
      encoding: UTF-8
      string: Sequi velit consequatur. Ipsa magni quia. Aut iusto aut.
    headers:
      Accept-Encoding:
      - gzip;q=1.0,deflate;q=0.6,identity;q=0.3
      Accept:
      - "*/*"
      User-Agent:
      - Ruby
  response:
    status:
      code: 200
      message: OK
    headers:
      Content-Type:
      - text/xml
      Cache-Control:
      - no-cache
      Connection:
      - close
      Content-Length:
      - '207'
    body:
      encoding: UTF-8
      string: |
        <revision rev="1" vrev="1">
          <srcmd5>b0a015bac3eafd19d493ebe4f6a8d7bf</srcmd5>
          <version>unknown</version>
          <time>1558295681</time>
          <user>unknown</user>
          <comment></comment>
          <requestid/>
        </revision>
    http_version: 
  recorded_at: Sun, 19 May 2019 19:54:41 GMT
- request:
    method: put
    uri: http://backend:5352/source/home:package_test_user/test_package/somefile.txt
    body:
      encoding: UTF-8
      string: Error alias amet. Rerum et enim. Esse enim labore.
    headers:
      Accept-Encoding:
      - gzip;q=1.0,deflate;q=0.6,identity;q=0.3
      Accept:
      - "*/*"
      User-Agent:
      - Ruby
  response:
    status:
      code: 200
      message: OK
    headers:
      Content-Type:
      - text/xml
      Cache-Control:
      - no-cache
      Connection:
      - close
      Content-Length:
      - '207'
    body:
      encoding: UTF-8
      string: |
        <revision rev="2" vrev="2">
          <srcmd5>63cba07254c103d27dd2b723c3f24ab2</srcmd5>
          <version>unknown</version>
          <time>1558295681</time>
          <user>unknown</user>
          <comment></comment>
          <requestid/>
        </revision>
    http_version: 
  recorded_at: Sun, 19 May 2019 19:54:41 GMT
- request:
    method: put
    uri: http://backend:5352/source/home:other_package_test_user/_meta?user=other_package_test_user
    body:
      encoding: UTF-8
      string: |
        <project name="home:other_package_test_user">
          <title/>
          <description/>
          <person userid="other_package_test_user" role="maintainer"/>
        </project>
    headers:
      Accept-Encoding:
      - gzip;q=1.0,deflate;q=0.6,identity;q=0.3
      Accept:
      - "*/*"
      User-Agent:
      - Ruby
  response:
    status:
      code: 200
      message: OK
    headers:
      Content-Type:
      - text/xml
      Cache-Control:
      - no-cache
      Connection:
      - close
      Content-Length:
      - '169'
    body:
      encoding: UTF-8
      string: |
        <project name="home:other_package_test_user">
          <title></title>
          <description></description>
          <person userid="other_package_test_user" role="maintainer" />
        </project>
    http_version: 
  recorded_at: Sun, 19 May 2019 19:54:41 GMT
- request:
    method: put
    uri: http://backend:5352/source/home:other_package_test_user/branch_test_package/_meta?user=package_test_user
    body:
      encoding: UTF-8
      string: |
        <package name="branch_test_package" project="home:other_package_test_user">
          <title>The Heart Is Deceitful Above All Things</title>
          <description>Corrupti officia sed aut.</description>
        </package>
    headers:
      Accept-Encoding:
      - gzip;q=1.0,deflate;q=0.6,identity;q=0.3
      Accept:
      - "*/*"
      User-Agent:
      - Ruby
  response:
    status:
      code: 200
      message: OK
    headers:
      Content-Type:
      - text/xml
      Cache-Control:
      - no-cache
      Connection:
      - close
      Content-Length:
      - '199'
    body:
      encoding: UTF-8
      string: |
        <package name="branch_test_package" project="home:other_package_test_user">
          <title>The Heart Is Deceitful Above All Things</title>
          <description>Corrupti officia sed aut.</description>
        </package>
    http_version: 
  recorded_at: Sun, 19 May 2019 19:54:41 GMT
- request:
    method: put
    uri: http://backend:5352/source/home:other_package_test_user/branch_test_package/_meta?user=package_test_user
    body:
      encoding: UTF-8
      string: |
        <package name="branch_test_package" project="home:other_package_test_user">
          <title>The Heart Is Deceitful Above All Things</title>
          <description>Corrupti officia sed aut.</description>
        </package>
    headers:
      Accept-Encoding:
      - gzip;q=1.0,deflate;q=0.6,identity;q=0.3
      Accept:
      - "*/*"
      User-Agent:
      - Ruby
  response:
    status:
      code: 200
      message: OK
    headers:
      Content-Type:
      - text/xml
      Cache-Control:
      - no-cache
      Connection:
      - close
      Content-Length:
      - '199'
    body:
      encoding: UTF-8
      string: |
        <package name="branch_test_package" project="home:other_package_test_user">
          <title>The Heart Is Deceitful Above All Things</title>
          <description>Corrupti officia sed aut.</description>
        </package>
    http_version: 
  recorded_at: Sun, 19 May 2019 19:54:41 GMT
- request:
    method: put
    uri: http://backend:5352/source/home:other_package_test_user/branch_test_package/_config
    body:
      encoding: UTF-8
      string: Quod autem eaque. Ut quo nam. Tenetur explicabo odit.
    headers:
      Accept-Encoding:
      - gzip;q=1.0,deflate;q=0.6,identity;q=0.3
      Accept:
      - "*/*"
      User-Agent:
      - Ruby
  response:
    status:
      code: 200
      message: OK
    headers:
      Content-Type:
      - text/xml
      Cache-Control:
      - no-cache
      Connection:
      - close
      Content-Length:
      - '209'
    body:
      encoding: UTF-8
      string: |
        <revision rev="11" vrev="11">
          <srcmd5>a762d34d1230fc31ad7684333946c4b4</srcmd5>
          <version>unknown</version>
          <time>1558295681</time>
          <user>unknown</user>
          <comment></comment>
          <requestid/>
        </revision>
    http_version: 
  recorded_at: Sun, 19 May 2019 19:54:41 GMT
- request:
    method: put
    uri: http://backend:5352/source/home:other_package_test_user/branch_test_package/somefile.txt
    body:
      encoding: UTF-8
      string: Ducimus iusto deleniti. Maiores magni error. Laboriosam veritatis eius.
    headers:
      Accept-Encoding:
      - gzip;q=1.0,deflate;q=0.6,identity;q=0.3
      Accept:
      - "*/*"
      User-Agent:
      - Ruby
  response:
    status:
      code: 200
      message: OK
    headers:
      Content-Type:
      - text/xml
      Cache-Control:
      - no-cache
      Connection:
      - close
      Content-Length:
      - '209'
    body:
      encoding: UTF-8
      string: |
        <revision rev="12" vrev="12">
          <srcmd5>1a696cd808b6fc9b3d35d54c9c13e55f</srcmd5>
          <version>unknown</version>
          <time>1558295681</time>
          <user>unknown</user>
          <comment></comment>
          <requestid/>
        </revision>
    http_version: 
  recorded_at: Sun, 19 May 2019 19:54:41 GMT
- request:
    method: get
    uri: http://backend:5352/source/home:package_test_user/test_package
    body:
      encoding: US-ASCII
      string: ''
    headers:
      Accept-Encoding:
      - gzip;q=1.0,deflate;q=0.6,identity;q=0.3
      Accept:
      - "*/*"
      User-Agent:
      - Ruby
  response:
    status:
      code: 200
      message: OK
    headers:
      Content-Type:
      - text/xml
      Cache-Control:
      - no-cache
      Connection:
      - close
      Content-Length:
      - '299'
    body:
      encoding: UTF-8
      string: |
        <directory name="test_package" rev="2" vrev="2" srcmd5="63cba07254c103d27dd2b723c3f24ab2">
          <entry name="_config" md5="16003f5420ed2471ab22615cbcab9876" size="56" mtime="1558295681" />
          <entry name="somefile.txt" md5="615be97d45522a53fd9f567b586e6214" size="50" mtime="1558295681" />
        </directory>
    http_version: 
  recorded_at: Sun, 19 May 2019 19:54:42 GMT
- request:
    method: get
    uri: http://backend:5352/source/home:package_test_user/test_package?expand=1&rev=2
    body:
      encoding: US-ASCII
      string: ''
    headers:
      Accept-Encoding:
      - gzip;q=1.0,deflate;q=0.6,identity;q=0.3
      Accept:
      - "*/*"
      User-Agent:
      - Ruby
  response:
    status:
      code: 200
      message: OK
    headers:
      Content-Type:
      - text/xml
      Cache-Control:
      - no-cache
      Connection:
      - close
      Content-Length:
      - '299'
    body:
      encoding: UTF-8
      string: |
        <directory name="test_package" rev="2" vrev="2" srcmd5="63cba07254c103d27dd2b723c3f24ab2">
          <entry name="_config" md5="16003f5420ed2471ab22615cbcab9876" size="56" mtime="1558295681" />
          <entry name="somefile.txt" md5="615be97d45522a53fd9f567b586e6214" size="50" mtime="1558295681" />
        </directory>
    http_version: 
  recorded_at: Sun, 19 May 2019 19:54:42 GMT
- request:
    method: get
    uri: http://backend:5352/source/home:package_test_user/test_package
    body:
      encoding: US-ASCII
      string: ''
    headers:
      Accept-Encoding:
      - gzip;q=1.0,deflate;q=0.6,identity;q=0.3
      Accept:
      - "*/*"
      User-Agent:
      - Ruby
  response:
    status:
      code: 200
      message: OK
    headers:
      Content-Type:
      - text/xml
      Cache-Control:
      - no-cache
      Connection:
      - close
      Content-Length:
      - '299'
    body:
      encoding: UTF-8
      string: |
        <directory name="test_package" rev="2" vrev="2" srcmd5="63cba07254c103d27dd2b723c3f24ab2">
          <entry name="_config" md5="16003f5420ed2471ab22615cbcab9876" size="56" mtime="1558295681" />
          <entry name="somefile.txt" md5="615be97d45522a53fd9f567b586e6214" size="50" mtime="1558295681" />
        </directory>
    http_version: 
  recorded_at: Sun, 19 May 2019 19:54:42 GMT
- request:
    method: get
    uri: http://backend:5352/source/home:package_test_user/test_package
    body:
      encoding: US-ASCII
      string: ''
    headers:
      Accept-Encoding:
      - gzip;q=1.0,deflate;q=0.6,identity;q=0.3
      Accept:
      - "*/*"
      User-Agent:
      - Ruby
  response:
    status:
      code: 200
      message: OK
    headers:
      Content-Type:
      - text/xml
      Cache-Control:
      - no-cache
      Connection:
      - close
      Content-Length:
      - '299'
    body:
      encoding: UTF-8
      string: |
        <directory name="test_package" rev="2" vrev="2" srcmd5="63cba07254c103d27dd2b723c3f24ab2">
          <entry name="_config" md5="16003f5420ed2471ab22615cbcab9876" size="56" mtime="1558295681" />
          <entry name="somefile.txt" md5="615be97d45522a53fd9f567b586e6214" size="50" mtime="1558295681" />
        </directory>
    http_version: 
  recorded_at: Sun, 19 May 2019 19:54:42 GMT
- request:
    method: get
    uri: http://backend:5352/source/home:package_test_user/test_package/_history
    body:
      encoding: US-ASCII
      string: ''
    headers:
      Accept-Encoding:
      - gzip;q=1.0,deflate;q=0.6,identity;q=0.3
      Accept:
      - "*/*"
      User-Agent:
      - Ruby
  response:
    status:
      code: 200
      message: OK
    headers:
      Content-Type:
      - text/xml
      Cache-Control:
      - no-cache
      Connection:
      - close
      Content-Length:
      - '395'
    body:
      encoding: UTF-8
      string: |
        <revisionlist>
          <revision rev="1" vrev="1">
            <srcmd5>b0a015bac3eafd19d493ebe4f6a8d7bf</srcmd5>
            <version>unknown</version>
            <time>1558295681</time>
            <user>unknown</user>
          </revision>
          <revision rev="2" vrev="2">
            <srcmd5>63cba07254c103d27dd2b723c3f24ab2</srcmd5>
            <version>unknown</version>
            <time>1558295681</time>
            <user>unknown</user>
          </revision>
        </revisionlist>
    http_version: 
  recorded_at: Sun, 19 May 2019 19:54:43 GMT
- request:
    method: get
    uri: http://backend:5352/build/home:package_test_user/_result?package=test_package&view=status
    body:
      encoding: US-ASCII
      string: ''
    headers:
      Accept-Encoding:
      - gzip;q=1.0,deflate;q=0.6,identity;q=0.3
      Accept:
      - "*/*"
      User-Agent:
      - Ruby
  response:
    status:
      code: 200
      message: OK
    headers:
      Content-Type:
      - text/xml
      Cache-Control:
      - no-cache
      Connection:
      - close
      Content-Length:
      - '56'
    body:
      encoding: UTF-8
      string: '<resultlist state="00000000000000000000000000000000" />

'
    http_version: 
  recorded_at: Sun, 19 May 2019 19:54:43 GMT
- request:
    method: get
    uri: http://backend:5352/build/home:package_test_user/package_test_repository/i586/test_package/_jobstatus
    body:
      encoding: US-ASCII
      string: ''
    headers:
      Accept-Encoding:
      - gzip;q=1.0,deflate;q=0.6,identity;q=0.3
      Accept:
      - "*/*"
      User-Agent:
      - Ruby
  response:
    status:
      code: 404
      message: project 'home package_test_user' has no repository 'package_test_repository'
    headers:
      Content-Type:
      - text/xml
      Cache-Control:
      - no-cache
      Connection:
      - close
      Content-Length:
      - '230'
    body:
      encoding: UTF-8
      string: |
        <status code="404">
          <summary>project 'home:package_test_user' has no repository 'package_test_repository'</summary>
          <details>404 project 'home:package_test_user' has no repository 'package_test_repository'</details>
        </status>
    http_version: 
  recorded_at: Sun, 19 May 2019 19:54:43 GMT
recorded_with: VCR 4.0.0
