---
http_interactions:
- request:
    method: put
    uri: http://backend:5352/source/home:permitted_user/_meta?user=permitted_user
    body:
      encoding: UTF-8
      string: |
        <project name="home:permitted_user">
          <title/>
          <description/>
          <person userid="permitted_user" role="maintainer"/>
        </project>
    headers:
      Accept-Encoding:
      - gzip;q=1.0,deflate;q=0.6,identity;q=0.3
      Accept:
      - "*/*"
      User-Agent:
      - Ruby
  response:
    status:
      code: 200
      message: OK
    headers:
      Content-Type:
      - text/xml
      Cache-Control:
      - no-cache
      Connection:
      - close
      Content-Length:
      - '150'
    body:
      encoding: UTF-8
      string: |
        <project name="home:permitted_user">
          <title></title>
          <description></description>
          <person userid="permitted_user" role="maintainer"/>
        </project>
    http_version: 
  recorded_at: Fri, 18 Oct 2019 10:13:53 GMT
- request:
    method: put
    uri: http://backend:5352/source/home:permitted_user/_project/_staging_workflow?user=permitted_user
    body:
      encoding: UTF-8
      string: |
        <workflow project="home:permitted_user" managers="staging-workflow-managers-1">
          <staging_project name="home:permitted_user:Staging:A"/>
        </workflow>
    headers:
      Accept-Encoding:
      - gzip;q=1.0,deflate;q=0.6,identity;q=0.3
      Accept:
      - "*/*"
      User-Agent:
      - Ruby
  response:
    status:
      code: 200
      message: OK
    headers:
      Content-Type:
      - text/xml
      Cache-Control:
      - no-cache
      Connection:
      - close
      Content-Length:
      - '176'
    body:
      encoding: UTF-8
      string: |
        <revision rev="7">
          <srcmd5>9dcb5cf420daed4d036a384bfeb64efb</srcmd5>
          <time>1571393633</time>
          <user>permitted_user</user>
          <comment></comment>
          <requestid/>
        </revision>
    http_version: 
  recorded_at: Fri, 18 Oct 2019 10:13:53 GMT
- request:
    method: put
    uri: http://backend:5352/source/home:permitted_user:Staging:A/_meta?user=permitted_user
    body:
      encoding: UTF-8
      string: |
        <project name="home:permitted_user:Staging:A">
          <title/>
          <description/>
          <group groupid="staging-workflow-managers-1" role="maintainer"/>
        </project>
    headers:
      Accept-Encoding:
      - gzip;q=1.0,deflate;q=0.6,identity;q=0.3
      Accept:
      - "*/*"
      User-Agent:
      - Ruby
  response:
    status:
      code: 200
      message: OK
    headers:
      Content-Type:
      - text/xml
      Cache-Control:
      - no-cache
      Connection:
      - close
      Content-Length:
      - '173'
    body:
      encoding: UTF-8
      string: |
        <project name="home:permitted_user:Staging:A">
          <title></title>
          <description></description>
          <group groupid="staging-workflow-managers-1" role="maintainer"/>
        </project>
    http_version: 
  recorded_at: Fri, 18 Oct 2019 10:13:53 GMT
- request:
    method: put
    uri: http://backend:5352/source/home:permitted_user/_project/_staging_workflow?user=permitted_user
    body:
      encoding: UTF-8
      string: |
        <workflow project="home:permitted_user" managers="staging-workflow-managers-1">
          <staging_project name="home:permitted_user:Staging:A"/>
          <staging_project name="home:permitted_user:Staging:B"/>
        </workflow>
    headers:
      Accept-Encoding:
      - gzip;q=1.0,deflate;q=0.6,identity;q=0.3
      Accept:
      - "*/*"
      User-Agent:
      - Ruby
  response:
    status:
      code: 200
      message: OK
    headers:
      Content-Type:
      - text/xml
      Cache-Control:
      - no-cache
      Connection:
      - close
      Content-Length:
      - '176'
    body:
      encoding: UTF-8
      string: |
        <revision rev="8">
          <srcmd5>55c0e52fdb04d9dffcf1ab79dc2ec54c</srcmd5>
          <time>1571393633</time>
          <user>permitted_user</user>
          <comment></comment>
          <requestid/>
        </revision>
    http_version: 
  recorded_at: Fri, 18 Oct 2019 10:13:53 GMT
- request:
    method: put
    uri: http://backend:5352/source/home:permitted_user:Staging:B/_meta?user=permitted_user
    body:
      encoding: UTF-8
      string: |
        <project name="home:permitted_user:Staging:B">
          <title/>
          <description/>
          <group groupid="staging-workflow-managers-1" role="maintainer"/>
        </project>
    headers:
      Accept-Encoding:
      - gzip;q=1.0,deflate;q=0.6,identity;q=0.3
      Accept:
      - "*/*"
      User-Agent:
      - Ruby
  response:
    status:
      code: 200
      message: OK
    headers:
      Content-Type:
      - text/xml
      Cache-Control:
      - no-cache
      Connection:
      - close
      Content-Length:
      - '173'
    body:
      encoding: UTF-8
      string: |
        <project name="home:permitted_user:Staging:B">
          <title></title>
          <description></description>
          <group groupid="staging-workflow-managers-1" role="maintainer"/>
        </project>
    http_version: 
  recorded_at: Fri, 18 Oct 2019 10:13:53 GMT
- request:
    method: put
    uri: http://backend:5352/source/home:permitted_user/_meta?user=permitted_user
    body:
      encoding: UTF-8
      string: |
        <project name="home:permitted_user">
          <title/>
          <description/>
          <person userid="permitted_user" role="maintainer"/>
          <group groupid="staging-workflow-managers-1" role="reviewer"/>
        </project>
    headers:
      Accept-Encoding:
      - gzip;q=1.0,deflate;q=0.6,identity;q=0.3
      Accept:
      - "*/*"
      User-Agent:
      - Ruby
  response:
    status:
      code: 200
      message: OK
    headers:
      Content-Type:
      - text/xml
      Cache-Control:
      - no-cache
      Connection:
      - close
      Content-Length:
      - '215'
    body:
      encoding: UTF-8
      string: |
        <project name="home:permitted_user">
          <title></title>
          <description></description>
          <person userid="permitted_user" role="maintainer"/>
          <group groupid="staging-workflow-managers-1" role="reviewer"/>
        </project>
    http_version: 
  recorded_at: Fri, 18 Oct 2019 10:13:53 GMT
- request:
    method: put
    uri: http://backend:5352/source/home:permitted_user/target_package/_meta?user=permitted_user
    body:
      encoding: UTF-8
      string: |
        <package name="target_package" project="home:permitted_user">
          <title>Nectar in a Sieve</title>
          <description>Perferendis voluptatum cumque quos.</description>
        </package>
    headers:
      Accept-Encoding:
      - gzip;q=1.0,deflate;q=0.6,identity;q=0.3
      Accept:
      - "*/*"
      User-Agent:
      - Ruby
  response:
    status:
      code: 200
      message: OK
    headers:
      Content-Type:
      - text/xml
      Cache-Control:
      - no-cache
      Connection:
      - close
      Content-Length:
      - '173'
    body:
      encoding: UTF-8
      string: |
        <package name="target_package" project="home:permitted_user">
          <title>Nectar in a Sieve</title>
          <description>Perferendis voluptatum cumque quos.</description>
        </package>
    http_version: 
  recorded_at: Fri, 18 Oct 2019 10:13:53 GMT
- request:
    method: put
    uri: http://backend:5352/source/source_project/_meta?user=permitted_user
    body:
      encoding: UTF-8
      string: |
        <project name="source_project">
          <title>Postern of Fate</title>
          <description/>
        </project>
    headers:
      Accept-Encoding:
      - gzip;q=1.0,deflate;q=0.6,identity;q=0.3
      Accept:
      - "*/*"
      User-Agent:
      - Ruby
  response:
    status:
      code: 200
      message: OK
    headers:
      Content-Type:
      - text/xml
      Cache-Control:
      - no-cache
      Connection:
      - close
      Content-Length:
      - '106'
    body:
      encoding: UTF-8
      string: |
        <project name="source_project">
          <title>Postern of Fate</title>
          <description></description>
        </project>
    http_version: 
  recorded_at: Fri, 18 Oct 2019 10:13:54 GMT
- request:
    method: put
    uri: http://backend:5352/source/source_project/source_package/_meta?user=permitted_user
    body:
      encoding: UTF-8
      string: |
        <package name="source_package" project="source_project">
          <title>The Way Through the Woods</title>
          <description>Et vitae assumenda distinctio.</description>
        </package>
    headers:
      Accept-Encoding:
      - gzip;q=1.0,deflate;q=0.6,identity;q=0.3
      Accept:
      - "*/*"
      User-Agent:
      - Ruby
  response:
    status:
      code: 200
      message: OK
    headers:
      Content-Type:
      - text/xml
      Cache-Control:
      - no-cache
      Connection:
      - close
      Content-Length:
      - '171'
    body:
      encoding: UTF-8
      string: |
        <package name="source_package" project="source_project">
          <title>The Way Through the Woods</title>
          <description>Et vitae assumenda distinctio.</description>
        </package>
    http_version: 
  recorded_at: Fri, 18 Oct 2019 10:13:54 GMT
- request:
    method: get
    uri: http://backend:5352/source/source_project/source_package?expand=1
    body:
      encoding: US-ASCII
      string: ''
    headers:
      Accept-Encoding:
      - gzip;q=1.0,deflate;q=0.6,identity;q=0.3
      Accept:
      - "*/*"
      User-Agent:
      - Ruby
  response:
    status:
      code: 200
      message: OK
    headers:
      Content-Type:
      - text/xml
      Cache-Control:
      - no-cache
      Connection:
      - close
      Content-Length:
      - '89'
    body:
      encoding: UTF-8
      string: |
        <directory name="source_package" srcmd5="d41d8cd98f00b204e9800998ecf8427e">
        </directory>
    http_version: 
  recorded_at: Fri, 18 Oct 2019 10:13:54 GMT
- request:
    method: put
    uri: http://backend:5352/source/home:permitted_user:Staging:A/target_package/_meta?user=permitted_user
    body:
      encoding: UTF-8
      string: |
        <package name="target_package" project="home:permitted_user:Staging:A">
          <title/>
          <description/>
        </package>
    headers:
      Accept-Encoding:
      - gzip;q=1.0,deflate;q=0.6,identity;q=0.3
      Accept:
      - "*/*"
      User-Agent:
      - Ruby
  response:
    status:
      code: 200
      message: OK
    headers:
      Content-Type:
      - text/xml
      Cache-Control:
      - no-cache
      Connection:
      - close
      Content-Length:
      - '131'
    body:
      encoding: UTF-8
      string: |
        <package name="target_package" project="home:permitted_user:Staging:A">
          <title></title>
          <description></description>
        </package>
    http_version: 
  recorded_at: Fri, 18 Oct 2019 10:13:54 GMT
- request:
    method: put
    uri: http://backend:5352/source/home:permitted_user:Staging:A/target_package/_link?user=permitted_user
    body:
      encoding: UTF-8
      string: <link project="source_project" package="source_package" rev="d41d8cd98f00b204e9800998ecf8427e"
        vrev=""></link>
    headers:
      Accept-Encoding:
      - gzip;q=1.0,deflate;q=0.6,identity;q=0.3
      Accept:
      - "*/*"
      User-Agent:
      - Ruby
  response:
    status:
      code: 200
      message: OK
    headers:
      Content-Type:
      - text/xml
      Cache-Control:
      - no-cache
      Connection:
      - close
      Content-Length:
      - '214'
    body:
      encoding: UTF-8
      string: |
        <revision rev="4" vrev="4">
          <srcmd5>79a98c689441a75bd9731a609257afc6</srcmd5>
          <version>unknown</version>
          <time>1571393634</time>
          <user>permitted_user</user>
          <comment></comment>
          <requestid/>
        </revision>
    http_version: 
  recorded_at: Fri, 18 Oct 2019 10:13:54 GMT
recorded_with: VCR 5.0.0
