---
http_interactions:
- request:
    method: put
    uri: http://backend:5352/source/home:permitted_user/_meta?user=permitted_user
    body:
      encoding: UTF-8
      string: |
        <project name="home:permitted_user">
          <title/>
          <description/>
          <person userid="permitted_user" role="maintainer"/>
        </project>
    headers:
      Accept-Encoding:
      - gzip;q=1.0,deflate;q=0.6,identity;q=0.3
      Accept:
      - "*/*"
      User-Agent:
      - Ruby
  response:
    status:
      code: 200
      message: OK
    headers:
      Content-Type:
      - text/xml
      Cache-Control:
      - no-cache
      Connection:
      - close
      Content-Length:
      - '150'
    body:
      encoding: UTF-8
      string: |
        <project name="home:permitted_user">
          <title></title>
          <description></description>
          <person userid="permitted_user" role="maintainer"/>
        </project>
    http_version: 
  recorded_at: Wed, 15 Jan 2020 13:02:22 GMT
- request:
    method: put
    uri: http://backend:5352/source/home:permitted_user/target_package/_meta?user=user_1
    body:
      encoding: UTF-8
      string: |
        <package name="target_package" project="home:permitted_user">
          <title>Ah, Wilderness!</title>
          <description>Optio eius quo ut.</description>
        </package>
    headers:
      Accept-Encoding:
      - gzip;q=1.0,deflate;q=0.6,identity;q=0.3
      Accept:
      - "*/*"
      User-Agent:
      - Ruby
  response:
    status:
      code: 200
      message: OK
    headers:
      Content-Type:
      - text/xml
      Cache-Control:
      - no-cache
      Connection:
      - close
      Content-Length:
      - '154'
    body:
      encoding: UTF-8
      string: |
        <package name="target_package" project="home:permitted_user">
          <title>Ah, Wilderness!</title>
          <description>Optio eius quo ut.</description>
        </package>
    http_version: 
  recorded_at: Wed, 15 Jan 2020 13:02:22 GMT
- request:
    method: put
    uri: http://backend:5352/source/home:permitted_user/_project/_staging_workflow?user=user_2
    body:
      encoding: UTF-8
      string: |
        <workflow project="home:permitted_user" managers="staging-workflow-managers-1">
          <staging_project name="home:permitted_user:Staging:A"/>
        </workflow>
    headers:
      Accept-Encoding:
      - gzip;q=1.0,deflate;q=0.6,identity;q=0.3
      Accept:
      - "*/*"
      User-Agent:
      - Ruby
  response:
    status:
      code: 200
      message: OK
    headers:
      Content-Type:
      - text/xml
      Cache-Control:
      - no-cache
      Connection:
      - close
      Content-Length:
      - '169'
    body:
      encoding: UTF-8
      string: |
        <revision rev="11">
          <srcmd5>9dcb5cf420daed4d036a384bfeb64efb</srcmd5>
          <time>1579093342</time>
          <user>user_2</user>
          <comment></comment>
          <requestid/>
        </revision>
    http_version: 
  recorded_at: Wed, 15 Jan 2020 13:02:22 GMT
- request:
    method: put
    uri: http://backend:5352/source/home:permitted_user:Staging:A/_meta?user=user_2
    body:
      encoding: UTF-8
      string: |
        <project name="home:permitted_user:Staging:A">
          <title/>
          <description/>
          <group groupid="staging-workflow-managers-1" role="maintainer"/>
        </project>
    headers:
      Accept-Encoding:
      - gzip;q=1.0,deflate;q=0.6,identity;q=0.3
      Accept:
      - "*/*"
      User-Agent:
      - Ruby
  response:
    status:
      code: 200
      message: OK
    headers:
      Content-Type:
      - text/xml
      Cache-Control:
      - no-cache
      Connection:
      - close
      Content-Length:
      - '173'
    body:
      encoding: UTF-8
      string: |
        <project name="home:permitted_user:Staging:A">
          <title></title>
          <description></description>
          <group groupid="staging-workflow-managers-1" role="maintainer"/>
        </project>
    http_version: 
  recorded_at: Wed, 15 Jan 2020 13:02:22 GMT
- request:
    method: put
    uri: http://backend:5352/source/home:permitted_user/_project/_staging_workflow?user=user_2
    body:
      encoding: UTF-8
      string: |
        <workflow project="home:permitted_user" managers="staging-workflow-managers-1">
          <staging_project name="home:permitted_user:Staging:A"/>
          <staging_project name="home:permitted_user:Staging:B"/>
        </workflow>
    headers:
      Accept-Encoding:
      - gzip;q=1.0,deflate;q=0.6,identity;q=0.3
      Accept:
      - "*/*"
      User-Agent:
      - Ruby
  response:
    status:
      code: 200
      message: OK
    headers:
      Content-Type:
      - text/xml
      Cache-Control:
      - no-cache
      Connection:
      - close
      Content-Length:
      - '169'
    body:
      encoding: UTF-8
      string: |
        <revision rev="12">
          <srcmd5>55c0e52fdb04d9dffcf1ab79dc2ec54c</srcmd5>
          <time>1579093342</time>
          <user>user_2</user>
          <comment></comment>
          <requestid/>
        </revision>
    http_version: 
  recorded_at: Wed, 15 Jan 2020 13:02:22 GMT
- request:
    method: put
    uri: http://backend:5352/source/home:permitted_user:Staging:B/_meta?user=user_2
    body:
      encoding: UTF-8
      string: |
        <project name="home:permitted_user:Staging:B">
          <title/>
          <description/>
          <group groupid="staging-workflow-managers-1" role="maintainer"/>
        </project>
    headers:
      Accept-Encoding:
      - gzip;q=1.0,deflate;q=0.6,identity;q=0.3
      Accept:
      - "*/*"
      User-Agent:
      - Ruby
  response:
    status:
      code: 200
      message: OK
    headers:
      Content-Type:
      - text/xml
      Cache-Control:
      - no-cache
      Connection:
      - close
      Content-Length:
      - '173'
    body:
      encoding: UTF-8
      string: |
        <project name="home:permitted_user:Staging:B">
          <title></title>
          <description></description>
          <group groupid="staging-workflow-managers-1" role="maintainer"/>
        </project>
    http_version: 
  recorded_at: Wed, 15 Jan 2020 13:02:22 GMT
- request:
    method: put
    uri: http://backend:5352/source/home:permitted_user/_meta?user=user_2
    body:
      encoding: UTF-8
      string: |
        <project name="home:permitted_user">
          <title/>
          <description/>
          <person userid="permitted_user" role="maintainer"/>
          <group groupid="staging-workflow-managers-1" role="reviewer"/>
        </project>
    headers:
      Accept-Encoding:
      - gzip;q=1.0,deflate;q=0.6,identity;q=0.3
      Accept:
      - "*/*"
      User-Agent:
      - Ruby
  response:
    status:
      code: 200
      message: OK
    headers:
      Content-Type:
      - text/xml
      Cache-Control:
      - no-cache
      Connection:
      - close
      Content-Length:
      - '215'
    body:
      encoding: UTF-8
      string: |
        <project name="home:permitted_user">
          <title></title>
          <description></description>
          <person userid="permitted_user" role="maintainer"/>
          <group groupid="staging-workflow-managers-1" role="reviewer"/>
        </project>
    http_version: 
  recorded_at: Wed, 15 Jan 2020 13:02:22 GMT
- request:
    method: put
    uri: http://backend:5352/source/home:permitted_user:Staging:A/target_package/_meta?user=user_3
    body:
      encoding: UTF-8
      string: |
        <package name="target_package" project="home:permitted_user:Staging:A">
          <title>Taming a Sea Horse</title>
          <description>Reiciendis quo sint dolore.</description>
        </package>
    headers:
      Accept-Encoding:
      - gzip;q=1.0,deflate;q=0.6,identity;q=0.3
      Accept:
      - "*/*"
      User-Agent:
      - Ruby
  response:
    status:
      code: 200
      message: OK
    headers:
      Content-Type:
      - text/xml
      Cache-Control:
      - no-cache
      Connection:
      - close
      Content-Length:
      - '176'
    body:
      encoding: UTF-8
      string: |
        <package name="target_package" project="home:permitted_user:Staging:A">
          <title>Taming a Sea Horse</title>
          <description>Reiciendis quo sint dolore.</description>
        </package>
    http_version: 
  recorded_at: Wed, 15 Jan 2020 13:02:22 GMT
- request:
    method: put
    uri: http://backend:5352/source/source_project/_meta?user=user_4
    body:
      encoding: UTF-8
      string: |
        <project name="source_project">
          <title>Blithe Spirit</title>
          <description/>
        </project>
    headers:
      Accept-Encoding:
      - gzip;q=1.0,deflate;q=0.6,identity;q=0.3
      Accept:
      - "*/*"
      User-Agent:
      - Ruby
  response:
    status:
      code: 200
      message: OK
    headers:
      Content-Type:
      - text/xml
      Cache-Control:
      - no-cache
      Connection:
      - close
      Content-Length:
      - '104'
    body:
      encoding: UTF-8
      string: |
        <project name="source_project">
          <title>Blithe Spirit</title>
          <description></description>
        </project>
    http_version: 
  recorded_at: Wed, 15 Jan 2020 13:02:22 GMT
- request:
    method: put
    uri: http://backend:5352/source/source_project/source_package/_meta?user=user_5
    body:
      encoding: UTF-8
      string: |
        <package name="source_package" project="source_project">
          <title>Oh! To be in England</title>
          <description>Sed sit optio natus.</description>
        </package>
    headers:
      Accept-Encoding:
      - gzip;q=1.0,deflate;q=0.6,identity;q=0.3
      Accept:
      - "*/*"
      User-Agent:
      - Ruby
  response:
    status:
      code: 200
      message: OK
    headers:
      Content-Type:
      - text/xml
      Cache-Control:
      - no-cache
      Connection:
      - close
      Content-Length:
      - '156'
    body:
      encoding: UTF-8
      string: |
        <package name="source_package" project="source_project">
          <title>Oh! To be in England</title>
          <description>Sed sit optio natus.</description>
        </package>
    http_version: 
  recorded_at: Wed, 15 Jan 2020 13:02:22 GMT
- request:
    method: post
    uri: http://backend:5352/search/package/id?match=(linkinfo/@package=%22target_package%22%20and%20linkinfo/@project=%22home:permitted_user:Staging:A%22%20and%20@project=%22home:permitted_user:Staging:A%22)
    body:
      encoding: UTF-8
      string: ''
    headers:
      Content-Type:
      - application/octet-stream
      Accept-Encoding:
      - gzip;q=1.0,deflate;q=0.6,identity;q=0.3
      Accept:
      - "*/*"
      User-Agent:
      - Ruby
  response:
    status:
      code: 200
      message: OK
    headers:
      Content-Type:
      - text/xml
      Cache-Control:
      - no-cache
      Connection:
      - close
      Content-Length:
      - '27'
    body:
      encoding: UTF-8
      string: |
        <collection>
        </collection>
    http_version: 
  recorded_at: Wed, 15 Jan 2020 13:02:22 GMT
- request:
    method: delete
    uri: http://backend:5352/source/home:permitted_user:Staging:A/target_package?comment&user=permitted_user
    body:
      encoding: US-ASCII
      string: ''
    headers:
      Accept-Encoding:
      - gzip;q=1.0,deflate;q=0.6,identity;q=0.3
      Accept:
      - "*/*"
      User-Agent:
      - Ruby
  response:
    status:
      code: 200
      message: OK
    headers:
      Content-Type:
      - text/xml
      Cache-Control:
      - no-cache
      Connection:
      - close
      Content-Length:
      - '21'
    body:
      encoding: UTF-8
      string: '<status code="ok" />

'
    http_version: 
  recorded_at: Wed, 15 Jan 2020 13:02:22 GMT
recorded_with: VCR 5.0.0
