---
http_interactions:
- request:
    method: put
    uri: http://backend:5352/source/home:tom/_meta?user=tom
    body:
      encoding: UTF-8
      string: |
        <project name="home:tom">
          <title/>
          <description/>
          <person userid="tom" role="maintainer"/>
        </project>
    headers:
      Accept-Encoding:
      - gzip;q=1.0,deflate;q=0.6,identity;q=0.3
      Accept:
      - "*/*"
      User-Agent:
      - Ruby
  response:
    status:
      code: 200
      message: OK
    headers:
      Content-Type:
      - text/xml
      Cache-Control:
      - no-cache
      Connection:
      - close
      Content-Length:
      - '128'
    body:
      encoding: UTF-8
      string: |
        <project name="home:tom">
          <title></title>
          <description></description>
          <person userid="tom" role="maintainer"/>
        </project>
    http_version: 
  recorded_at: Mon, 16 Sep 2019 16:12:33 GMT
- request:
    method: put
    uri: http://backend:5352/source/home:tom/_meta?user=tom
    body:
      encoding: UTF-8
      string: |
        <project name="home:tom">
          <title/>
          <description/>
          <person userid="tom" role="maintainer"/>
          <repository name="leap_42.2">
            <arch>i586</arch>
          </repository>
        </project>
    headers:
      Accept-Encoding:
      - gzip;q=1.0,deflate;q=0.6,identity;q=0.3
      Accept:
      - "*/*"
      User-Agent:
      - Ruby
  response:
    status:
      code: 200
      message: OK
    headers:
      Content-Type:
      - text/xml
      Cache-Control:
      - no-cache
      Connection:
      - close
      Content-Length:
      - '198'
    body:
      encoding: UTF-8
      string: |
        <project name="home:tom">
          <title></title>
          <description></description>
          <person userid="tom" role="maintainer"/>
          <repository name="leap_42.2">
            <arch>i586</arch>
          </repository>
        </project>
    http_version: 
  recorded_at: Mon, 16 Sep 2019 16:12:33 GMT
- request:
    method: put
    uri: http://backend:5352/source/foo++bar/_meta?user=user_44
    body:
      encoding: UTF-8
      string: |
        <project name="foo++bar">
          <title>As I Lay Dying</title>
          <description/>
        </project>
    headers:
      Accept-Encoding:
      - gzip;q=1.0,deflate;q=0.6,identity;q=0.3
      Accept:
      - "*/*"
      User-Agent:
      - Ruby
  response:
    status:
      code: 200
      message: OK
    headers:
      Content-Type:
      - text/xml
      Cache-Control:
      - no-cache
      Connection:
      - close
      Content-Length:
      - '99'
    body:
      encoding: UTF-8
      string: |
        <project name="foo++bar">
          <title>As I Lay Dying</title>
          <description></description>
        </project>
    http_version: 
  recorded_at: Mon, 16 Sep 2019 16:12:34 GMT
- request:
    method: put
    uri: http://backend:5352/source/foo++bar/_meta?user=user_44
    body:
      encoding: UTF-8
      string: |
        <project name="foo++bar">
          <title>As I Lay Dying</title>
          <description/>
          <repository name="leap_45.1">
            <arch>i586</arch>
          </repository>
        </project>
    headers:
      Accept-Encoding:
      - gzip;q=1.0,deflate;q=0.6,identity;q=0.3
      Accept:
      - "*/*"
      User-Agent:
      - Ruby
  response:
    status:
      code: 200
      message: OK
    headers:
      Content-Type:
      - text/xml
      Cache-Control:
      - no-cache
      Connection:
      - close
      Content-Length:
      - '169'
    body:
      encoding: UTF-8
      string: |
        <project name="foo++bar">
          <title>As I Lay Dying</title>
          <description></description>
          <repository name="leap_45.1">
            <arch>i586</arch>
          </repository>
        </project>
    http_version: 
  recorded_at: Mon, 16 Sep 2019 16:12:34 GMT
- request:
    method: put
    uri: http://backend:5352/source/foo++bar/some_package/_meta?user=user_45
    body:
      encoding: UTF-8
      string: |
        <package name="some_package" project="foo++bar">
          <title>After Many a Summer Dies the Swan</title>
          <description>Saepe sequi eveniet dolorem.</description>
        </package>
    headers:
      Accept-Encoding:
      - gzip;q=1.0,deflate;q=0.6,identity;q=0.3
      Accept:
      - "*/*"
      User-Agent:
      - Ruby
  response:
    status:
      code: 200
      message: OK
    headers:
      Content-Type:
      - text/xml
      Cache-Control:
      - no-cache
      Connection:
      - close
      Content-Length:
      - '169'
    body:
      encoding: UTF-8
      string: |
        <package name="some_package" project="foo++bar">
          <title>After Many a Summer Dies the Swan</title>
          <description>Saepe sequi eveniet dolorem.</description>
        </package>
    http_version: 
  recorded_at: Mon, 16 Sep 2019 16:12:34 GMT
- request:
    method: get
    uri: http://backend:5352/build/foo++bar/leap_45.1/i586/some_package/_log?view=entry
    body:
      encoding: US-ASCII
      string: ''
    headers:
      Accept-Encoding:
      - gzip;q=1.0,deflate;q=0.6,identity;q=0.3
      Accept:
      - "*/*"
      User-Agent:
      - Ruby
  response:
    status:
      code: 404
      message: package 'some_package' has no logfile
    headers:
      Content-Type:
      - text/xml
      Content-Length:
      - '152'
      Cache-Control:
      - no-cache
      Connection:
      - close
    body:
      encoding: UTF-8
      string: |
        <status code="404">
          <summary>package 'some_package' has no logfile</summary>
          <details>404 package 'some_package' has no logfile</details>
        </status>
    http_version: 
  recorded_at: Mon, 16 Sep 2019 16:12:34 GMT
recorded_with: VCR 5.0.0
